[✓] Migración completada: hits normalizados a ACTIVE
[*] SantaPurger iniciado | BD: C:\Users\rober\Dropbox\TESTING DEV\data\santander.db | Workers: 2

[🚀] Lote de 30 registros obtenido. Iniciando ráfaga (2.0 min)...
  [🔴 OFF] ID:367618 | CUJA780221HMCRRR02 | Rechazo RENAPO/Bloqueado (400: OB-ORQ-05) (1.7s)
  [🔴 OFF] ID:798127 | TEJJ700408HNLRMN09 | Rechazo RENAPO/Bloqueado (400: OB-ORQ-05) (2.1s)
  [🔴 OFF] ID:1217053 | GOHF720101HMCMRR08 | Rechazo RENAPO/Bloqueado (400: OB-ORQ-05) (2.1s)
  [🔴 OFF] ID:873065 | PEGM700421HTLRNR09 | Contacto preexistente (/confirm-contact) (9.5s)
  [🔴 OFF] ID:122443 | METG750824HSPDRL04 | Rechazo bancario (PE170) (10.9s)
  [🔴 OFF] ID:175371 | SANJ851228HDGLNV06 | Rechazo RENAPO/Bloqueado (400: OB-ORQ-05) (1.7s)
  [🔴 OFF] ID:405126 | EAFR740817HMCSLF01 | Rechazo bancario (PE170) (17.0s)
  [🔴 OFF] ID:306532 | CAGL781012HGTMNS04 | Rechazo bancario (PE170) (10.1s)
  [🔴 OFF] ID:538772 | GUGM730506HNLTNR04 | Rechazo bancario (PE170) (10.1s)
  [🔴 OFF] ID:832968 | EIGE801109HNLLRD01 | Rechazo bancario (PE170) (9.3s)
  [🔴 OFF] ID:920280 | CAMM750115HNLNRR09 | Rechazo RENAPO/Bloqueado (400: OB-ORQ-05) (1.8s)
  [🔴 OFF] ID:912839 | ROGJ810109HNLDNS06 | Contacto preexistente (/confirm-contact) (9.3s)
  [🔴 OFF] ID:1325044 | EAHA750919MSOSRN08 | Rechazo RENAPO/Bloqueado (400: OB-ORQ-05) (1.7s)
  [🔴 OFF] ID:92314 | SACM750507HDGLRN06 | Rechazo RENAPO/Bloqueado (400: OB-ORQ-05) (1.6s)
  [🔴 OFF] ID:553272 | LUMH740917HQTRDG01 | Rechazo RENAPO/Bloqueado (400: OB-ORQ-05) (1.7s)
  [🔴 CARD INACTIVE] ID:1178047 | RAHA770613HGTYRN08 | tarjeta 5967... | no pide password (bloqueada o no cliente) (8.0s)
  [⚠️ CARD ERROR] ID:517702 | PANR700223HASDVC08 | navegador: Cannot switch to a different thread — no se quema lead
  [🔴 OFF] ID:636959 | BOLR740417MSORPT01 | Rechazo RENAPO/Bloqueado (400: OB-ORQ-05) (2.0s)
  [🔴 OFF] ID:1062603 | SAAG831220HSONGS08 | Rechazo RENAPO/Bloqueado (400: OB-ORQ-05) (1.5s)
  [⚠️ CARD ERROR] ID:519327 | FESM750607HTSRLG04 | navegador: Cannot switch to a different thread — no se quema lead
  [🔴 OFF] ID:731681 | BARA760902HMCRMN02 | Rechazo bancario (PE170) (20.8s)
  [🔴 OFF] ID:1359608 | DIAC711103HDGZLR08 | Rechazo bancario (PE170) (9.9s)
  [🔴 OFF] ID:497558 | GOTM790607HNLMRN09 | Rechazo bancario (PE020) (6.4s)
  [🔴 OFF] ID:762021 | ROLO830415HTSMPS09 | Contacto preexistente (/confirm-contact) (10.3s)
  [🔴 OFF] ID:732958 | AUEE731124HQRNLF06 | Rechazo RENAPO/Bloqueado (400: OB-ORQ-05) (1.6s)
Exception in callback SyncBase._sync.<locals>.<lambda>() at C:\Users\rober\AppData\Roaming\Python\Python314\site-packages\playwright\_impl\_sync_base.py:111
handle: <Handle SyncBase._sync.<locals>.<lambda>() at C:\Users\rober\AppData\Roaming\Python\Python314\site-packages\playwright\_impl\_sync_base.py:111>
Traceback (most recent call last):
  File "C:\Python314\Lib\asyncio\events.py", line 94, in _run
    self._context.run(self._callback, *self._args)
    ~~~~~~~~~~~~~~~~~^^^^^^^^^^^^^^^^^^^^^^^^^^^^^
  File "C:\Users\rober\AppData\Roaming\Python\Python314\site-packages\playwright\_impl\_sync_base.py", line 111, in <lambda>
    task.add_done_callback(lambda _: g_self.switch())
                                     ~~~~~~~~~~~~~^^
greenlet.error: Cannot switch to a different thread
	Current:  <greenlet.greenlet object at 0x0000015AA70202C0 (otid=0x0000015AA4C77480) suspended active started main>
	Expected: <greenlet.greenlet object at 0x0000015AA739CD00 (otid=0x0000015AA4C78AD0) suspended active started main>
Exception in callback SyncBase._sync.<locals>.<lambda>() at C:\Users\rober\AppData\Roaming\Python\Python314\site-packages\playwright\_impl\_sync_base.py:111
handle: <Handle SyncBase._sync.<locals>.<lambda>() at C:\Users\rober\AppData\Roaming\Python\Python314\site-packages\playwright\_impl\_sync_base.py:111>
Traceback (most recent call last):
  File "C:\Python314\Lib\asyncio\events.py", line 94, in _run
    self._context.run(self._callback, *self._args)
    ~~~~~~~~~~~~~~~~~^^^^^^^^^^^^^^^^^^^^^^^^^^^^^
  File "C:\Users\rober\AppData\Roaming\Python\Python314\site-packages\playwright\_impl\_sync_base.py", line 111, in <lambda>
    task.add_done_callback(lambda _: g_self.switch())
                                     ~~~~~~~~~~~~~^^
greenlet.error: Cannot switch to a different thread
	Current:  <greenlet.greenlet object at 0x0000015AA70202C0 (otid=0x0000015AA4C77480) suspended active started main>
	Expected: <greenlet.greenlet object at 0x0000015AA739CD00 (otid=0x0000015AA4C78AD0) suspended active started main>

[❄️] Ráfaga concluida. Enfriando sockets por 30s...

[🚀] Lote de 30 registros obtenido. Iniciando ráfaga (2.0 min)...
  [🔴 CARD INACTIVE] ID:519327 | FESM750607HTSRLG04 | tarjeta 2963... | no pide password (bloqueada o no cliente) (6.1s)
  [⚠️ CARD ERROR] ID:517702 | PANR700223HASDVC08 | navegador: Cannot switch to a different thread — no se quema lead
  [🔴 OFF] ID:376547 | SOJB811012MDFRMR00 | Rechazo bancario (PE170) (8.7s)
  [🔴 OFF] ID:1024236 | FOAM830503HASLLR09 | Derivación LikeU Pro (/derivation-pro) (9.6s)
  [🔴 OFF] ID:407556 | RAMO770410HCHSRM01 | Rechazo RENAPO/Bloqueado (400: OB-ORQ-05) (1.8s)
  [🔴 OFF] ID:1498092 | CAUA730524MDFNRN07 | Rechazo bancario (PE170) (9.9s)
  [🔴 OFF] ID:82400 | AAPJ750219HVRMRV07 | Rechazo RENAPO/Bloqueado (400: OB-ORQ-05) (1.5s)
  [🔴 OFF] ID:682265 | MACP780121MSORCL00 | Rechazo RENAPO/Bloqueado (400: OB-ORQ-05) (1.9s)
  [🔴 OFF] ID:758243 | COUG751108MSOTRD05 | Rechazo RENAPO/Bloqueado (400: OB-ORQ-05) (1.9s)
  [🔴 OFF] ID:1278303 | HERG750417HDFRYD02 | Derivación LikeU Pro (/derivation-pro) (8.8s)
  [🔴 OFF] ID:1014709 | DISA810717MPLNLN09 | Rechazo bancario (PE170) (10.1s)
  [🔴 OFF] ID:78214 | EADL740921MDFSLC05 | Rechazo bancario (PE170) (9.6s)
  [🔴 OFF] ID:1334979 | EACE770125HGRNRD09 | Rechazo bancario (PE150) (9.8s)
  [🔴 OFF] ID:907578 | PEMM731229HVRRRN01 | Rechazo RENAPO/Bloqueado (400: OB-ORQ-05) (2.1s)
  [🔴 OFF] ID:1005191 | RAAG710820MMNMLD06 | Rechazo RENAPO/Bloqueado (400: OB-ORQ-05) (1.5s)
  [🔴 OFF] ID:382243 | HUOS810716HMCRRM06 | Rechazo bancario (PE110) (8.6s)
  [🔴 OFF] ID:859773 | GUBG721207MCGRRB07 | Rechazo RENAPO/Bloqueado (400: OB-ORQ-05) (2.0s)
  [🔴 OFF] ID:1420892 | SAVA760502HMCNRL05 | Rechazo RENAPO/Bloqueado (400: OB-ORQ-05) (1.8s)
  [🔴 OFF] ID:1320376 | LAQJ760120HCMRRR00 | Rechazo bancario (PE170) (8.4s)
  [🔴 OFF] ID:176682 | GAMA711109MVRRNL02 | Rechazo RENAPO/Bloqueado (400: OB-ORQ-05) (1.3s)
  [🔴 OFF] ID:1343462 | RAJH790323HVRMRG04 | Rechazo RENAPO/Bloqueado (400: OB-ORQ-05) (2.2s)
  [🔴 OFF] ID:1450157 | HEHM720305MDFRRR09 | Rechazo RENAPO/Bloqueado (400: OB-ORQ-05) (2.3s)
  [🔴 OFF] ID:651358 | VEVG710107HCHGGR09 | Contacto preexistente (/confirm-contact) (8.9s)
  [🔴 OFF] ID:417927 | BOBE750913MTSSRG07 | Rechazo bancario (PE170) (8.4s)
  [🔴 OFF] ID:1274066 | PASR710915HJCSNG07 | Rechazo bancario (PE170) (10.4s)
  [🔴 OFF] ID:828534 | MEBM780213MCGNSR08 | Rechazo RENAPO/Bloqueado (400: OB-ORQ-05) (1.6s)
  [🔴 OFF] ID:1112908 | GAUJ700309HCSRLS04 | Rechazo RENAPO/Bloqueado (400: OB-ORQ-05) (1.7s)
  [🔴 OFF] ID:611935 | GALH721220HMCNPC06 | Rechazo RENAPO/Bloqueado (400: OB-ORQ-05) (2.1s)
  [🔴 OFF] ID:664193 | MAFA700228HMCRRD09 | Rechazo bancario (PE170) (8.5s)
  [🔴 OFF] ID:114143 | HEVR710216HTSRLG05 | Rechazo bancario (PE170) (9.8s)

[🏁] Sesión finalizada | Total procesados: 52 | HITS: 0 | OFF: 52
EXIT=0
