[✓] Migración completada: hits normalizados a ACTIVE
[*] SantaPurger iniciado | BD: C:\Users\rober\Dropbox\TESTING DEV\data\santander.db | Workers: 5

[🚀] Lote de 40 registros obtenido. Iniciando ráfaga (3.0 min)...
  [🔴 OFF] ID:1078190 | GAMD730919HCGRDN01 | Rechazo RENAPO/Bloqueado (400: OB-ORQ-05) (2.0s)
  [🔴 OFF] ID:443943 | IASO760724HMCSNM03 | Rechazo RENAPO/Bloqueado (400: OB-ORQ-05) (2.1s)
  [🔴 OFF] ID:429967 | CURJ710926HCGRBR06 | Rechazo RENAPO/Bloqueado (400: OB-ORQ-05) (2.1s)
  [🔴 OFF] ID:478970 | GOBA751229HMCNNN05 | Rechazo RENAPO/Bloqueado (400: OB-ORQ-05) (1.5s)
  [🔴 OFF] ID:496557 | MAFJ700103HVRRRL00 | Rechazo RENAPO/Bloqueado (400: OB-ORQ-05) (2.0s)
  [🔴 OFF] ID:145228 | CEEF790712HGRBSR06 | Rechazo RENAPO/Bloqueado (400: OB-ORQ-05) (5.0s)
  [🔴 OFF] ID:1560290 | LARR730722HMCRDB05 | Rechazo RENAPO/Bloqueado (400: OB-ORQ-05) (1.7s)
  [🔴 OFF] ID:82402 | COAM800519HVRVYR09 | Rechazo RENAPO/Bloqueado (400: OB-ORQ-05) (1.6s)
  [🔴 OFF] ID:554080 | HEPH700416HDFRRC04 | Rechazo bancario (PE170) (9.8s)
  [🔴 OFF] ID:164796 | SARO710917HMCNZS04 | Rechazo RENAPO/Bloqueado (400: OB-ORQ-05) (1.6s)
  [🔴 CARD INACTIVE] ID:517702 | PANR700223HASDVC08 | tarjeta 1635... | no pide password (bloqueada o no cliente) (6.8s)
  [🔴 OFF] ID:314604 | COHR730307HVRRRB01 | Rechazo RENAPO/Bloqueado (400: OB-ORQ-05) (1.9s)
  [🔴 OFF] ID:1034073 | PECG711112HQTRBS04 | Rechazo bancario (PE170) (13.1s)
  [🔴 OFF] ID:304676 | GUAF771105HGTRHD08 | Derivación LikeU Pro (/derivation-pro) (9.1s)
  [🔴 OFF] ID:766330 | HEMJ740127HCSRRN00 | Rechazo RENAPO/Bloqueado (400: OB-ORQ-05) (1.9s)
  [🔴 OFF] ID:963536 | MESA750721HCMRNL06 | Rechazo RENAPO/Bloqueado (400: OB-ORQ-05) (1.9s)
  [🔴 CARD INACTIVE] ID:837085 | AESE800618MTSNSD08 | tarjeta 7671... | no pide password (bloqueada o no cliente) (7.3s)
  [🔴 OFF] ID:687704 | CUOA710531MQTRRR01 | Rechazo bancario (PE170) (11.4s)
  [🔴 OFF] ID:992436 | CACI710202MTSNSS03 | Contacto preexistente (/confirm-contact) (9.9s)
  [🔴 CARD INACTIVE] ID:1222248 | SORE721110HMNLYD06 | tarjeta 3231... | no pide password (bloqueada o no cliente) (7.4s)
  [🔴 OFF] ID:516042 | JAVR720424HCHCNG00 | Rechazo bancario (PE170) (9.4s)
  [🔴 OFF] ID:1447989 | MASM800309HQTRRS00 | Rechazo bancario (PE170) (10.5s)
  [🔴 OFF] ID:1192553 | MAPL791011HSPRRS03 | Derivación LikeU Pro (/derivation-pro) (11.4s)
  [🔴 OFF] ID:293357 | OIMG900101HDFRRL04 | Rechazo RENAPO/Bloqueado (400: OB-ORQ-05) (2.3s)
  [🔴 OFF] ID:324793 | CAEV741013MCMLSC02 | Rechazo RENAPO/Bloqueado (400: OB-ORQ-05) (3.2s)
  [🔴 OFF] ID:369004 | OIMB701221MCGDLL08 | Rechazo RENAPO/Bloqueado (400: OB-ORQ-05) (2.4s)
  [🔴 OFF] ID:312459 | COCG710704HCHRLN08 | Derivación LikeU Pro (/derivation-pro) (10.1s)
  [🔴 OFF] ID:718043 | HEAE730627HVRRCN05 | Rechazo RENAPO/Bloqueado (400: OB-ORQ-05) (1.6s)
  [🔴 OFF] ID:928674 | AUVA720830MQRGLR08 | Rechazo RENAPO/Bloqueado (400: OB-ORQ-05) (1.5s)
  [🔴 OFF] ID:77659 | GUCC730213HTSRRR01 | Rechazo bancario (PE110) (11.0s)
  [🔴 OFF] ID:1107959 | OEOJ821119HGTJRL07 | Rechazo RENAPO/Bloqueado (400: OB-ORQ-05) (1.6s)
  [🔴 OFF] ID:1144915 | OIVJ750424HQTRZR01 | Rechazo RENAPO/Bloqueado (400: OB-ORQ-05) (2.7s)
  [🔴 OFF] ID:1451264 | BATN740216MDFLRL04 | Rechazo RENAPO/Bloqueado (400: OB-ORQ-05) (1.6s)
  [🔴 OFF] ID:324761 | SALC740219HDFNPR09 | Contacto preexistente (/confirm-contact) (9.4s)
  [🔴 OFF] ID:390567 | COCR700920MSORDS02 | Rechazo RENAPO/Bloqueado (400: OB-ORQ-05) (1.7s)
  [🔴 OFF] ID:979332 | OIRA710923HMCRMR05 | Rechazo bancario (PE170) (9.0s)
  [🔴 OFF] ID:7436 | MAMR760503HVRRNF09 | Rechazo RENAPO/Bloqueado (400: OB-ORQ-05) (5.9s)
  [🔴 OFF] ID:287066 | TOVK830611MGTRLR01 | Rechazo bancario (PE1002) (7.3s)
  [🔴 OFF] ID:1438841 | SELC720310MNLNNL04 | Rechazo RENAPO/Bloqueado (400: OB-ORQ-05) (5.1s)
  [🔴 CARD INACTIVE] ID:503448 | MENJ841116HGTDVR07 | tarjeta 2634... | no pide password (bloqueada o no cliente) (9.6s)

[🏁] Sesión finalizada | Total procesados: 40 | HITS: 0 | OFF: 40
EXIT=0
