ESTADO ACTUAL
  pool sin procesar            : 4890977
  de esos, RFC persona fisica : 3389386
  ya con CURP calculada       : 1472160
  boveda de hits              : 0

lote 1: leidas=100000  escritas=2421  (0.2s, 10257 filas/s)
    sexo por nombre : 2421  (100.0% de las calculadas)
    sexo por inicial: 0
    DESCARTADA sexo_nombre_desconocido  93497
    DESCARTADA estado_desconocido       2589
    DESCARTADA rfc_enmascarado          1492
    DESCARTADA nombre_corto             1
    muestra:
      id=1579457   LOPD730113MNTPRR08
      id=1579458   RIHM740817HQRVYN05
      id=1579459   LOGF540201HGTPRS06

lote 2: leidas=100000  escritas=2296  (0.6s, 4021 filas/s)
    sexo por nombre : 2296  (100.0% de las calculadas)
    sexo por inicial: 0
    DESCARTADA sexo_nombre_desconocido  93614
    DESCARTADA estado_desconocido       2592
    DESCARTADA rfc_enmascarado          1497
    DESCARTADA nombre_corto             1
    muestra:
      id=1582031   POCL400929HNLBRS07
      id=1582032   SECC610616MNLNBR05
      id=1582034   MEHA850206HNLDRR07

lote 3: leidas=100000  escritas=2166  (0.3s, 6866 filas/s)
    sexo por nombre : 2166  (100.0% de las calculadas)
    sexo por inicial: 0
    DESCARTADA sexo_nombre_desconocido  93737
    DESCARTADA estado_desconocido       2594
    DESCARTADA rfc_enmascarado          1502
    DESCARTADA nombre_corto             1
    muestra:
      id=1584474   MALJ750426HMCRPS09
      id=1584475   MAML730813HCGGRS00
      id=1584476   TAPG690807MDFBRD09

lote 4: leidas=100000  escritas=2038  (0.3s, 7008 filas/s)
    sexo por nombre : 2038  (100.0% de las calculadas)
    sexo por inicial: 0
    DESCARTADA sexo_nombre_desconocido  93862
    DESCARTADA estado_desconocido       2596
    DESCARTADA rfc_enmascarado          1503
    DESCARTADA nombre_corto             1
    muestra:
      id=1586803   GAPR691217MYCRRS06
      id=1586804   AATM620317HSPMRR03
      id=1586805   BARS760204HSONBR03

lote 5: leidas=100000  escritas=1915  (0.3s, 7029 filas/s)
    sexo por nombre : 1915  (100.0% de las calculadas)
    sexo por inicial: 0
    DESCARTADA sexo_nombre_desconocido  93981
    DESCARTADA estado_desconocido       2600
    DESCARTADA rfc_enmascarado          1503
    DESCARTADA nombre_corto             1
    muestra:
      id=1588989   OORC601206MASLVN03
      id=1588990   ROMJ770709HDFCRS01
      id=1588991   MAMJ631112HPLRRR03

lote 6: leidas=100000  escritas=1791  (0.6s, 2996 filas/s)
    sexo por nombre : 1791  (100.0% de las calculadas)
    sexo por inicial: 0
    DESCARTADA sexo_nombre_desconocido  94101
    DESCARTADA estado_desconocido       2603
    DESCARTADA rfc_enmascarado          1504
    DESCARTADA nombre_corto             1
    muestra:
      id=1591031   LAHJ631029HDGVRS07
      id=1591032   GOLR640829MNLNLB01
      id=1591033   MAPA760811HJCTCN07

lote 7: leidas=100000  escritas=1669  (0.3s, 5625 filas/s)
    sexo por nombre : 1669  (100.0% de las calculadas)
    sexo por inicial: 0
    DESCARTADA sexo_nombre_desconocido  94220
    DESCARTADA estado_desconocido       2606
    DESCARTADA rfc_enmascarado          1504
    DESCARTADA nombre_corto             1
    muestra:
      id=1592952   TEKV740722HYCZXC02
      id=1592953   MEHP790826MDFJRL00
      id=1592954   JURT611001MHGRMR02

lote 8: leidas=100000  escritas=1557  (0.2s, 8448 filas/s)
    sexo por nombre : 1557  (100.0% de las calculadas)
    sexo por inicial: 0
    DESCARTADA sexo_nombre_desconocido  94328
    DESCARTADA estado_desconocido       2610
    DESCARTADA rfc_enmascarado          1504
    DESCARTADA nombre_corto             1
    muestra:
      id=1594748   VIQJ740401MSOLZC04
      id=1594749   CAOG840819MDFMLR06
      id=1594750   MUPF720409HDFNBR07

lote 9: leidas=100000  escritas=1443  (0.1s, 11106 filas/s)
    sexo por nombre : 1443  (100.0% de las calculadas)
    sexo por inicial: 0
    DESCARTADA sexo_nombre_desconocido  94440
    DESCARTADA estado_desconocido       2611
    DESCARTADA rfc_enmascarado          1505
    DESCARTADA nombre_corto             1
    muestra:
      id=1596423   FOMA760928MMNLNN02
      id=1596424   RAMA640917MDFMNN08
      id=1596425   NURL680607MCHNDS03

lote 10: leidas=100000  escritas=1346  (0.2s, 8213 filas/s)
    sexo por nombre : 1346  (100.0% de las calculadas)
    sexo por inicial: 0
    DESCARTADA sexo_nombre_desconocido  94534
    DESCARTADA estado_desconocido       2614
    DESCARTADA rfc_enmascarado          1505
    DESCARTADA nombre_corto             1
    muestra:
      id=1597984   GIWI430731HYCLBL02
      id=1597985   VIMA711219MTSLRR09
      id=1597986   ZEEL500621MQTPRL00

lote 11: leidas=100000  escritas=1243  (0.1s, 9145 filas/s)
    sexo por nombre : 1243  (100.0% de las calculadas)
    sexo por inicial: 0
    DESCARTADA sexo_nombre_desconocido  94634
    DESCARTADA estado_desconocido       2617
    DESCARTADA rfc_enmascarado          1505
    DESCARTADA nombre_corto             1
    muestra:
      id=1599431   OAAN770821MJCCLD05
      id=1599432   TOMR800415HMNVRC06
      id=1599433   HESB540212HOCRRN01

lote 12: leidas=100000  escritas=1157  (0.3s, 3525 filas/s)
    sexo por nombre : 1157  (100.0% de las calculadas)
    sexo por inicial: 0
    DESCARTADA sexo_nombre_desconocido  94720
    DESCARTADA estado_desconocido       2617
    DESCARTADA rfc_enmascarado          1505
    DESCARTADA nombre_corto             1
    muestra:
      id=1600782   TOGF801004HCSLNR09
      id=1600783   PANE520224MMSRVL05
      id=1600784   REMR610525MDFSSQ00

lote 13: leidas=100000  escritas=1062  (0.4s, 2699 filas/s)
    sexo por nombre : 1062  (100.0% de las calculadas)
    sexo por inicial: 0
    DESCARTADA sexo_nombre_desconocido  94815
    DESCARTADA estado_desconocido       2617
    DESCARTADA rfc_enmascarado          1505
    DESCARTADA nombre_corto             1
    muestra:
      id=1602030   BEVG730226HCSZLL08
      id=1602031   FOVF700707HMSLLR03
      id=1602032   MOSI501113MNLRLR04

lote 14: leidas=100000  escritas=988  (0.1s, 12256 filas/s)
    sexo por nombre : 988  (100.0% de las calculadas)
    sexo por inicial: 0
    DESCARTADA sexo_nombre_desconocido  94888
    DESCARTADA estado_desconocido       2618
    DESCARTADA rfc_enmascarado          1505
    DESCARTADA nombre_corto             1
    muestra:
      id=1603196   CAHR841103HMCRRG06
      id=1603197   MEEB530315HGTNSR07
      id=1603198   LUAL570208MDFCVC04

lote 15: leidas=100000  escritas=903  (0.1s, 9255 filas/s)
    sexo por nombre : 903  (100.0% de las calculadas)
    sexo por inicial: 0
    DESCARTADA sexo_nombre_desconocido  94972
    DESCARTADA estado_desconocido       2619
    DESCARTADA rfc_enmascarado          1505
    DESCARTADA nombre_corto             1
    muestra:
      id=1604260   EIHR560817MVRSRC00
      id=1604261   GOJH600304HMCMMR01
      id=1604262   VANE830101HTSLRD09

lote 16: leidas=100000  escritas=846  (0.2s, 4967 filas/s)
    sexo por nombre : 846  (100.0% de las calculadas)
    sexo por inicial: 0
    DESCARTADA sexo_nombre_desconocido  95029
    DESCARTADA estado_desconocido       2619
    DESCARTADA rfc_enmascarado          1505
    DESCARTADA nombre_corto             1
    muestra:
      id=1605248   ROGS720131MDFDRL09
      id=1605249   COSP610703HTCRRB01
      id=1605250   AADJ561229MTSLMN02

lote 17: leidas=100000  escritas=802  (0.1s, 8675 filas/s)
    sexo por nombre : 802  (100.0% de las calculadas)
    sexo por inicial: 0
    DESCARTADA sexo_nombre_desconocido  95073
    DESCARTADA estado_desconocido       2619
    DESCARTADA rfc_enmascarado          1505
    DESCARTADA nombre_corto             1
    muestra:
      id=1606155   CAAB760309MMSRRR09
      id=1606156   CAPP500911MHGSRL09
      id=1606157   GAME520601MMCLRG02

lote 18: leidas=100000  escritas=747  (0.0s, 38407 filas/s)
    sexo por nombre : 747  (100.0% de las calculadas)
    sexo por inicial: 0
    DESCARTADA sexo_nombre_desconocido  95125
    DESCARTADA estado_desconocido       2622
    DESCARTADA rfc_enmascarado          1505
    DESCARTADA nombre_corto             1
    muestra:
      id=1607002   FEFL740904MTSRLL05
      id=1607003   CURV680213HNLLDC06
      id=1607004   COCE810528HMCLMN01

lote 19: leidas=100000  escritas=695  (0.0s, 17858 filas/s)
    sexo por nombre : 695  (100.0% de las calculadas)
    sexo por inicial: 0
    DESCARTADA sexo_nombre_desconocido  95175
    DESCARTADA estado_desconocido       2624
    DESCARTADA rfc_enmascarado          1505
    DESCARTADA nombre_corto             1
    muestra:
      id=1607813   LOML650603HTSPRS09
      id=1607814   LEMI580815HDFLNG03
      id=1607815   LEMG480901MTCNRD00

lote 20: leidas=100000  escritas=648  (0.0s, 31661 filas/s)
    sexo por nombre : 648  (100.0% de las calculadas)
    sexo por inicial: 0
    DESCARTADA sexo_nombre_desconocido  95220
    DESCARTADA estado_desconocido       2626
    DESCARTADA rfc_enmascarado          1505
    DESCARTADA nombre_corto             1
    muestra:
      id=1608565   SAHO770808HJCNSS03
      id=1608566   FEVF420126HJCRLR09
      id=1608568   GOGJ690427HSOMMN02

lote 21: leidas=100000  escritas=596  (0.1s, 4030 filas/s)
    sexo por nombre : 596  (100.0% de las calculadas)
    sexo por inicial: 0
    DESCARTADA sexo_nombre_desconocido  95270
    DESCARTADA estado_desconocido       2628
    DESCARTADA rfc_enmascarado          1505
    DESCARTADA nombre_corto             1
    muestra:
      id=1609264   PESD600525HDFNRN08
      id=1609265   SAFC731021MCGNNC01
      id=1609266   ZUAD640819HTSNVN03

lote 22: leidas=100000  escritas=561  (0.0s, 33829 filas/s)
    sexo por nombre : 561  (100.0% de las calculadas)
    sexo por inicial: 0
    DESCARTADA sexo_nombre_desconocido  95304
    DESCARTADA estado_desconocido       2629
    DESCARTADA rfc_enmascarado          1505
    DESCARTADA nombre_corto             1
    muestra:
      id=1609918   MICA830113HMCRSL06
      id=1609919   MOCL831121HGTRMS06
      id=1609920   AOPI560708MPLNNS04

lote 23: leidas=100000  escritas=531  (0.2s, 2128 filas/s)
    sexo por nombre : 531  (100.0% de las calculadas)
    sexo por inicial: 0
    DESCARTADA sexo_nombre_desconocido  95332
    DESCARTADA estado_desconocido       2631
    DESCARTADA rfc_enmascarado          1505
    DESCARTADA nombre_corto             1
    muestra:
      id=1610517   AIAL830201MMCRGR07
      id=1610518   MEGA720927HPLNRD04
      id=1610519   FULM740704MQRNNN05

lote 24: leidas=100000  escritas=501  (0.0s, 33944 filas/s)
    sexo por nombre : 501  (100.0% de las calculadas)
    sexo por inicial: 0
    DESCARTADA sexo_nombre_desconocido  95359
    DESCARTADA estado_desconocido       2634
    DESCARTADA rfc_enmascarado          1505
    DESCARTADA nombre_corto             1
    muestra:
      id=1611086   LUCR420420HSOQRG03
      id=1611087   AUMJ511019MTCGLN09
      id=1611089   FAMA350105HMCRRN02

lote 25: leidas=100000  escritas=469  (0.1s, 6725 filas/s)
    sexo por nombre : 469  (100.0% de las calculadas)
    sexo por inicial: 0
    DESCARTADA sexo_nombre_desconocido  95387
    DESCARTADA estado_desconocido       2638
    DESCARTADA rfc_enmascarado          1505
    DESCARTADA nombre_corto             1
    muestra:
      id=1611631   MORO670609HDFRMC03
      id=1611632   VABT761127HOCSTM02
      id=1611633   AERM620225MJCRMR04

lote 26: leidas=100000  escritas=446  (0.0s, 35361 filas/s)
    sexo por nombre : 446  (100.0% de las calculadas)
    sexo por inicial: 0
    DESCARTADA sexo_nombre_desconocido  95410
    DESCARTADA estado_desconocido       2638
    DESCARTADA rfc_enmascarado          1505
    DESCARTADA nombre_corto             1
    muestra:
      id=1612150   CUGS630525HMNVNL00
      id=1612151   SAQE510406MNLLNL02
      id=1612152   CEMJ470423MSPRNN05

lote 27: leidas=100000  escritas=422  (0.1s, 7158 filas/s)
    sexo por nombre : 422  (100.0% de las calculadas)
    sexo por inicial: 0
    DESCARTADA sexo_nombre_desconocido  95434
    DESCARTADA estado_desconocido       2638
    DESCARTADA rfc_enmascarado          1505
    DESCARTADA nombre_corto             1
    muestra:
      id=1612627   CORB680321HGTLYN04
      id=1612629   PESL600519MPLRLR03
      id=1612631   GOBG700911MVRNRD01

lote 28: leidas=100000  escritas=401  (0.0s, 40100 filas/s)
    sexo por nombre : 401  (100.0% de las calculadas)
    sexo por inicial: 0
    DESCARTADA sexo_nombre_desconocido  95455
    DESCARTADA estado_desconocido       2638
    DESCARTADA rfc_enmascarado          1505
    DESCARTADA nombre_corto             1
    muestra:
      id=1613079   DIGH720615HGRZRC00
      id=1613080   ZADM560505MSORZR09
      id=1613081   MAMX550926MDFYNL07

lote 29: leidas=100000  escritas=379  (0.1s, 6396 filas/s)
    sexo por nombre : 379  (100.0% de las calculadas)
    sexo por inicial: 0
    DESCARTADA sexo_nombre_desconocido  95477
    DESCARTADA estado_desconocido       2638
    DESCARTADA rfc_enmascarado          1505
    DESCARTADA nombre_corto             1
    muestra:
      id=1613509   OURR570301MBSSYS03
      id=1613510   CUMF551120HASRCL01
      id=1613511   RORN690903MMCMMR07

lote 30: leidas=100000  escritas=362  (0.0s, 33970 filas/s)
    sexo por nombre : 362  (100.0% de las calculadas)
    sexo por inicial: 0
    DESCARTADA sexo_nombre_desconocido  95494
    DESCARTADA estado_desconocido       2638
    DESCARTADA rfc_enmascarado          1505
    DESCARTADA nombre_corto             1
    muestra:
      id=1613913   RARM640407HDFMDR02
      id=1613914   HEJA710310HDFRLV01
      id=1613915   VAGA531011MYCLMD03

lote 31: leidas=100000  escritas=344  (0.0s, 34400 filas/s)
    sexo por nombre : 344  (100.0% de las calculadas)
    sexo por inicial: 0
    DESCARTADA sexo_nombre_desconocido  95511
    DESCARTADA estado_desconocido       2639
    DESCARTADA rfc_enmascarado          1505
    DESCARTADA nombre_corto             1
    muestra:
      id=1614295   MOHA640717HVRNRL03
      id=1614296   BUGG690413HZSSRR04
      id=1614297   AECL661111MVRLRY01

lote 32: leidas=100000  escritas=320  (0.1s, 3636 filas/s)
    sexo por nombre : 320  (100.0% de las calculadas)
    sexo por inicial: 0
    DESCARTADA sexo_nombre_desconocido  95533
    DESCARTADA estado_desconocido       2641
    DESCARTADA rfc_enmascarado          1505
    DESCARTADA nombre_corto             1
    muestra:
      id=1614658   IARR561223MSOBZS04
      id=1614659   MOLV811223MCGNDC08
      id=1614660   NEVR600706HSODZD04

lote 33: leidas=100000  escritas=297  (0.0s, 29700 filas/s)
    sexo por nombre : 297  (100.0% de las calculadas)
    sexo por inicial: 0
    DESCARTADA sexo_nombre_desconocido  95553
    DESCARTADA estado_desconocido       2643
    DESCARTADA rfc_enmascarado          1506
    DESCARTADA nombre_corto             1
    muestra:
      id=1615004   RAGJ700306HJCMRN08
      id=1615005   ZUME420212MGTNRL03
      id=1615006   AOVC681003HSOCLR09

lote 34: leidas=100000  escritas=277  (0.0s, 27700 filas/s)
    sexo por nombre : 277  (100.0% de las calculadas)
    sexo por inicial: 0
    DESCARTADA sexo_nombre_desconocido  95571
    DESCARTADA estado_desconocido       2643
    DESCARTADA rfc_enmascarado          1508
    DESCARTADA nombre_corto             1
    muestra:
      id=1615328   CEMA820130HCGRGL02
      id=1615329   ZAML710202HDFMNS08
      id=1615330   MACG490921HNLDMR01

lote 35: leidas=100000  escritas=261  (0.1s, 4098 filas/s)
    sexo por nombre : 261  (100.0% de las calculadas)
    sexo por inicial: 0
    DESCARTADA sexo_nombre_desconocido  95586
    DESCARTADA estado_desconocido       2643
    DESCARTADA rfc_enmascarado          1509
    DESCARTADA nombre_corto             1
    muestra:
      id=1615627   VAVS640427HCGLNR07
      id=1615628   COSA430918HCGFLN05
      id=1615629   GAET720122MMCRSR03

lote 36: leidas=100000  escritas=249  (0.0s, 24900 filas/s)
    sexo por nombre : 249  (100.0% de las calculadas)
    sexo por inicial: 0
    DESCARTADA sexo_nombre_desconocido  95598
    DESCARTADA estado_desconocido       2643
    DESCARTADA rfc_enmascarado          1509
    DESCARTADA nombre_corto             1
    muestra:
      id=1615910   LIAI790829MVRCCN07
      id=1615911   AAHR710105HDFLRG09
      id=1615912   GOMR681215HSONNM06

lote 37: leidas=100000  escritas=242  (0.0s, 24200 filas/s)
    sexo por nombre : 242  (100.0% de las calculadas)
    sexo por inicial: 0
    DESCARTADA sexo_nombre_desconocido  95603
    DESCARTADA estado_desconocido       2643
    DESCARTADA rfc_enmascarado          1511
    DESCARTADA nombre_corto             1
    muestra:
      id=1616174   MAEF631005HSONSR01
      id=1616175   GATX730418HGTRPR03
      id=1616176   BISC701121HDGRTR05

lote 38: leidas=100000  escritas=232  (0.1s, 4384 filas/s)
    sexo por nombre : 232  (100.0% de las calculadas)
    sexo por inicial: 0
    DESCARTADA sexo_nombre_desconocido  95611
    DESCARTADA estado_desconocido       2643
    DESCARTADA rfc_enmascarado          1513
    DESCARTADA nombre_corto             1
    muestra:
      id=1616427   NIGR700513HMCNNC09
      id=1616428   CATF170603HDFSNR03
      id=1616429   AAOA620127HCSPRR06

lote 39: leidas=100000  escritas=215  (0.0s, 21500 filas/s)
    sexo por nombre : 215  (100.0% de las calculadas)
    sexo por inicial: 0
    DESCARTADA sexo_nombre_desconocido  95627
    DESCARTADA estado_desconocido       2643
    DESCARTADA rfc_enmascarado          1514
    DESCARTADA nombre_corto             1
    muestra:
      id=1616670   EILD660906MMNSGT09
      id=1616671   HIAG530423MDFDGR08
      id=1616672   TOGR620611MVRLNC03

lote 40: leidas=100000  escritas=205  (0.0s, 20500 filas/s)
    sexo por nombre : 205  (100.0% de las calculadas)
    sexo por inicial: 0
    DESCARTADA sexo_nombre_desconocido  95635
    DESCARTADA estado_desconocido       2643
    DESCARTADA rfc_enmascarado          1516
    DESCARTADA nombre_corto             1
    muestra:
      id=1616903   AASM631224HMNLLR02
      id=1616904   GAHT580828MJCRCR03
      id=1616905   CALF670801HASRPR03

lote 41: leidas=100000  escritas=194  (0.0s, 19400 filas/s)
    sexo por nombre : 194  (100.0% de las calculadas)
    sexo por inicial: 0
    DESCARTADA sexo_nombre_desconocido  95645
    DESCARTADA estado_desconocido       2644
    DESCARTADA rfc_enmascarado          1516
    DESCARTADA nombre_corto             1
    muestra:
      id=1617117   SAGE491001HNLLMD03
      id=1617118   AURL760416MJCGSR05
      id=1617120   EIGD600415HMCLRV03

lote 42: leidas=100000  escritas=183  (0.1s, 2294 filas/s)
    sexo por nombre : 183  (100.0% de las calculadas)
    sexo por inicial: 0
    DESCARTADA sexo_nombre_desconocido  95655
    DESCARTADA estado_desconocido       2644
    DESCARTADA rfc_enmascarado          1517
    DESCARTADA nombre_corto             1
    muestra:
      id=1617323   SAVL720825HMCNRS08
      id=1617325   VAMR531028HCMLNB07
      id=1617326   MAMZ711124MCHRCL09

lote 43: leidas=100000  escritas=171  (0.0s, 17100 filas/s)
    sexo por nombre : 171  (100.0% de las calculadas)
    sexo por inicial: 0
    DESCARTADA sexo_nombre_desconocido  95667
    DESCARTADA estado_desconocido       2644
    DESCARTADA rfc_enmascarado          1517
    DESCARTADA nombre_corto             1
    muestra:
      id=1617518   HELJ640101HGTRPN08
      id=1617519   MACA630901MGTRRN02
      id=1617520   EACF490215HCGSRX06

lote 44: leidas=100000  escritas=166  (0.0s, 16600 filas/s)
    sexo por nombre : 166  (100.0% de las calculadas)
    sexo por inicial: 0
    DESCARTADA sexo_nombre_desconocido  95671
    DESCARTADA estado_desconocido       2644
    DESCARTADA rfc_enmascarado          1518
    DESCARTADA nombre_corto             1
    muestra:
      id=1617701   DOAA541002MCHMML06
      id=1617702   JUDV730107HJCRMC07
      id=1617703   SIMA671104HNTGRL04

lote 45: leidas=100000  escritas=156  (0.0s, 15600 filas/s)
    sexo por nombre : 156  (100.0% de las calculadas)
    sexo por inicial: 0
    DESCARTADA sexo_nombre_desconocido  95681
    DESCARTADA estado_desconocido       2644
    DESCARTADA rfc_enmascarado          1518
    DESCARTADA nombre_corto             1
    muestra:
      id=1617873   MASA700105HQTRNL06
      id=1617875   HEQJ741103HNTRNN01
      id=1617876   LOOR481122HDFPRB04

lote 46: leidas=100000  escritas=145  (0.0s, 14500 filas/s)
    sexo por nombre : 145  (100.0% de las calculadas)
    sexo por inicial: 0
    DESCARTADA sexo_nombre_desconocido  95692
    DESCARTADA estado_desconocido       2644
    DESCARTADA rfc_enmascarado          1518
    DESCARTADA nombre_corto             1
    muestra:
      id=1618039   HECA770701HDFRNR06
      id=1618040   PEFA801219MMCLNN09
      id=1618041   PAHL810405HDFDRS00

lote 47: leidas=100000  escritas=137  (0.1s, 1492 filas/s)
    sexo por nombre : 137  (100.0% de las calculadas)
    sexo por inicial: 0
    DESCARTADA sexo_nombre_desconocido  95700
    DESCARTADA estado_desconocido       2644
    DESCARTADA rfc_enmascarado          1518
    DESCARTADA nombre_corto             1
    muestra:
      id=1618196   OIRM550609HCHRMN05
      id=1618197   VITG750418MMCLRL07
      id=1618198   LOHE481205MYCPRL08

lote 48: leidas=100000  escritas=128  (0.0s, 12800 filas/s)
    sexo por nombre : 128  (100.0% de las calculadas)
    sexo por inicial: 0
    DESCARTADA sexo_nombre_desconocido  95709
    DESCARTADA estado_desconocido       2644
    DESCARTADA rfc_enmascarado          1518
    DESCARTADA nombre_corto             1
    muestra:
      id=1618341   MAHJ591001HDFNDM09
      id=1618342   GOPH770831HBCMDM07
      id=1618343   CAMA560618HVRSLR05

lote 49: leidas=100000  escritas=121  (0.0s, 12100 filas/s)
    sexo por nombre : 121  (100.0% de las calculadas)
    sexo por inicial: 0
    DESCARTADA sexo_nombre_desconocido  95715
    DESCARTADA estado_desconocido       2645
    DESCARTADA rfc_enmascarado          1518
    DESCARTADA nombre_corto             1
    muestra:
      id=1618479   RERR741123HCSYYN02
      id=1618480   PEMP720809MDFRDD01
      id=1618481   LARE750527HVRRZD02

lote 50: leidas=100000  escritas=115  (0.0s, 11500 filas/s)
    sexo por nombre : 115  (100.0% de las calculadas)
    sexo por inicial: 0
    DESCARTADA sexo_nombre_desconocido  95721
    DESCARTADA estado_desconocido       2645
    DESCARTADA rfc_enmascarado          1518
    DESCARTADA nombre_corto             1
    muestra:
      id=1618607   CACJ620715HCGMRS00
      id=1618610   RAMC760512MDFMNL03
      id=1618611   MAML650721HJCYCP00

lote 51: leidas=100000  escritas=111  (0.0s, 11100 filas/s)
    sexo por nombre : 111  (100.0% de las calculadas)
    sexo por inicial: 0
    DESCARTADA sexo_nombre_desconocido  95725
    DESCARTADA estado_desconocido       2645
    DESCARTADA rfc_enmascarado          1518
    DESCARTADA nombre_corto             1
    muestra:
      id=1618729   GATB450202HNLRRR07
      id=1618730   CAJH750328HBCRRC04
      id=1618731   CUBC610605HJCRRR06

lote 52: leidas=100000  escritas=100  (0.0s, 10000 filas/s)
    sexo por nombre : 100  (100.0% de las calculadas)
    sexo por inicial: 0
    DESCARTADA sexo_nombre_desconocido  95736
    DESCARTADA estado_desconocido       2645
    DESCARTADA rfc_enmascarado          1518
    DESCARTADA nombre_corto             1
    muestra:
      id=1618844   CABF761219HNLSLR06
      id=1618845   BOZE651222MDFBRS09
      id=1618846   HUDC600508MJCRZR09

lote 53: leidas=100000  escritas=94  (0.0s, 9400 filas/s)
    sexo por nombre : 94  (100.0% de las calculadas)
    sexo por inicial: 0
    DESCARTADA sexo_nombre_desconocido  95741
    DESCARTADA estado_desconocido       2646
    DESCARTADA rfc_enmascarado          1518
    DESCARTADA nombre_corto             1
    muestra:
      id=1618955   MUMA670419MASNRN09
      id=1618956   TAMI631224MJCFRR03
      id=1618957   PEAM640213HCHRGR09

lote 54: leidas=100000  escritas=91  (0.1s, 1098 filas/s)
    sexo por nombre : 91  (100.0% de las calculadas)
    sexo por inicial: 0
    DESCARTADA sexo_nombre_desconocido  95744
    DESCARTADA estado_desconocido       2646
    DESCARTADA rfc_enmascarado          1518
    DESCARTADA nombre_corto             1
    muestra:
      id=1619055   MOMD561205MPLRNL06
      id=1619056   RAMC710511MBCMRR08
      id=1619058   RASN650130MVRMSL00

lote 55: leidas=100000  escritas=89  (0.0s, 5016 filas/s)
    sexo por nombre : 89  (100.0% de las calculadas)
    sexo por inicial: 0
    DESCARTADA sexo_nombre_desconocido  95746
    DESCARTADA estado_desconocido       2646
    DESCARTADA rfc_enmascarado          1518
    DESCARTADA nombre_corto             1
    muestra:
      id=1619149   CARC580612MDFRBN08
      id=1619150   MADG640827MNLRVD09
      id=1619151   FEIC560602MMCRNX06

lote 56: leidas=100000  escritas=84  (0.0s, 8400 filas/s)
    sexo por nombre : 84  (100.0% de las calculadas)
    sexo por inicial: 0
    DESCARTADA sexo_nombre_desconocido  95751
    DESCARTADA estado_desconocido       2646
    DESCARTADA rfc_enmascarado          1518
    DESCARTADA nombre_corto             1
    muestra:
      id=1619240   MUGJ511205HSORSN00
      id=1619241   PACJ540116HTLRRR00
      id=1619242   GOGM771019HJCMZN05

lote 57: leidas=100000  escritas=77  (0.0s, 7700 filas/s)
    sexo por nombre : 77  (100.0% de las calculadas)
    sexo por inicial: 0
    DESCARTADA sexo_nombre_desconocido  95758
    DESCARTADA estado_desconocido       2646
    DESCARTADA rfc_enmascarado          1518
    DESCARTADA nombre_corto             1
    muestra:
      id=1619329   CORI710709MGTRVR02
      id=1619330   PECL720603MTSNNR09
      id=1619331   TAMA720617MGTPRL02

lote 58: leidas=100000  escritas=70  (0.0s, 7000 filas/s)
    sexo por nombre : 70  (100.0% de las calculadas)
    sexo por inicial: 0
    DESCARTADA sexo_nombre_desconocido  95764
    DESCARTADA estado_desconocido       2647
    DESCARTADA rfc_enmascarado          1518
    DESCARTADA nombre_corto             1
    muestra:
      id=1619413   CAZS780418HGTMVR05
      id=1619414   MANT540326MNLRTR00
      id=1619415   FOOY480826MYCLRL05

lote 59: leidas=100000  escritas=65  (0.0s, 6500 filas/s)
    sexo por nombre : 65  (100.0% de las calculadas)
    sexo por inicial: 0
    DESCARTADA sexo_nombre_desconocido  95769
    DESCARTADA estado_desconocido       2647
    DESCARTADA rfc_enmascarado          1518
    DESCARTADA nombre_corto             1
    muestra:
      id=1619490   JUJU781216HTSNRN06
      id=1619491   GARJ570216MBSRSL06
      id=1619492   RARR520210HGTMMB01

lote 60: leidas=100000  escritas=61  (0.0s, 6100 filas/s)
    sexo por nombre : 61  (100.0% de las calculadas)
    sexo por inicial: 0
    DESCARTADA sexo_nombre_desconocido  95773
    DESCARTADA estado_desconocido       2647
    DESCARTADA rfc_enmascarado          1518
    DESCARTADA nombre_corto             1
    muestra:
      id=1619560   COTG731110MMCRNB02
      id=1619561   SARJ790117HJCNMN03
      id=1619562   GUVG651212MDFRZD02

ESTADO FINAL
  pool sin procesar            : 4890879
  de esos, RFC persona fisica : 3351985
  ya con CURP calculada       : 1509463
  boveda de hits              : 1
EXIT=0
